attrs/cond_attr_bool_off	diag render
attrs/cond_attr_bool_on	diag render
attrs/cond_attr_else_if_other	diag render
attrs/cond_attr_else_if_two	diag render
attrs/cond_attr_else_typed_exprs_false	diag render
attrs/cond_attr_else_typed_exprs_true	diag render
attrs/cond_attr_interleaved	diag render
attrs/cond_attr_param_only_in_branch	diag render
attrs/expr_attrs	diag render
class/composable_off	diag render
class/composable_on	diag render
class/escaping	diag render
class/spread	diag render
class/style_rejected	diag(error)
components/child_class_attr_error	diag(error)
components/child_hyphen_attr_fallthrough	diag render
components/child_no_props	diag render
components/child_prop_pipeline_error	diag(error)
components/child_prop_try_error	diag(error)
components/child_props	diag render
components/child_props_featured_false	diag render
components/child_props_static	diag render
components/child_spread_error	diag(error)
components/children_slot	diag render
components/children_slot_binding	diag render
components/children_slot_empty	diag render
components/children_slot_interleaved	diag render
components/named_slot	diag render
components/named_slot_bad_name	diag(error)
components/named_slot_binding	diag render
components/named_slot_interleaved	diag render
components/named_slot_multiple	diag render
components/named_slot_with_children	diag render
components/node_param_standalone	diag render
control_flow/for	diag render
control_flow/goblock	diag render
control_flow/if_neg	diag render
control_flow/if_pos	diag render
control_flow/if_zero	diag render
control_flow/switch_default	diag render
control_flow/switch_err	diag render
control_flow/switch_warn	diag render
elements/fragment	diag render
elements/named_scalar_types	diag render
elements/node_slice	diag render
elements/static_and_bool_attrs_off	diag render
elements/static_and_bool_attrs_on	diag render
interpolation/field_access	diag render
interpolation/interp_types	diag render
interpolation/mixed_chunk	diag render
interpolation/probe_multi_value_expr	diag render
parser/01_elements	ast diag
parser/02_interpolation	ast diag
parser/03_attrs	ast diag
parser/04_components_children	ast diag
parser/05_fragment	ast diag
parser/06_markup_attr	ast diag
parser/07_method_component	ast diag
parser/08_spread_whitespace	ast diag
parser/09_goblock	ast diag
parser/10_if	ast diag
parser/11_for	ast diag
parser/12_switch	ast diag
parser/13_cond_attr	ast diag
parser/14_composable_class	ast diag
parser/15_doctype_comment	ast diag
parser/16_raw_text	ast diag
parser/17_pipeline	ast diag
parser/18_pipeline_attr_try	ast diag
parser/e01_mismatched_close	ast diag(error)
parser/e02_unterminated_interp	ast diag(error)
parser/e03_bad_attr_name	ast diag(error)
parser/e04_nonspread_brace	ast diag(error)
parser/e05_empty_pipe_stage	ast diag(error)
pipelines/arity_mismatch	diag(error)
pipelines/attr_escaped	diag render
pipelines/attr_js_rejected	diag(error)
pipelines/attr_plain	diag render
pipelines/attr_try_stage_rejected	diag(error)
pipelines/attr_unknown_filter	diag(error)
pipelines/attr_url	diag render
pipelines/attr_url_ok	diag render
pipelines/bare	diag render
pipelines/chain	diag render
pipelines/join	diag render
pipelines/loop_var	diag render
pipelines/param	diag render
pipelines/param_arg	diag render
pipelines/try_rejected	diag(error)
pipelines/try_unwrap	diag render
pipelines/unknown_filter	diag(error)
security/js_rejected_onclick	diag(error)
security/js_rejected_style	diag(error)
security/url_blocked	diag render
security/xss	diag render
TOTAL: 95 cases (render: 58, error: 19, gen-pinned: 0)
