attrs/attr_error_autounwrap	diag gen render
attrs/attr_error_autounwrap_nested	diag gen render
attrs/cond_attr_bool_off	diag render
attrs/cond_attr_bool_on	diag render
attrs/cond_attr_else_if_other	diag render
attrs/cond_attr_else_if_two	diag render
attrs/cond_attr_else_typed_exprs_false	diag render
attrs/cond_attr_else_typed_exprs_true	diag render
attrs/cond_attr_interleaved	diag render
attrs/cond_attr_param_only_in_branch	diag render
attrs/expr_attrs	diag render
attrs/spread_leading_rejected	diag(error)
attrs/spread_trailing	diag render
class/caller_wins_classstyle	diag render
class/caller_wins_scalar	diag render
class/composable_off	diag render
class/composable_on	diag render
class/empty_bag_noop	diag render
class/escaping	diag render
class/fallthrough_url_preserved	diag render
class/loop_var_in_class	diag render
class/loop_var_in_spread	diag render
class/merger_composable	diag gen render
class/merger_fallthrough	diag gen render
class/merger_no_class	diag gen render
class/merger_static	diag gen render
class/non_root_class	diag gen render
class/spread	diag render
class/style_rejected	diag
codegen-shape/example12_form	diag render
codegen-shape/example12_toolbar	diag render
codegen-shape/greeting	diag gen render
codegen-shape/style_interp	diag gen render
codegen-shape/whitespace_collapse	diag gen render
components/child_class_fallthrough	diag render
components/child_class_positioned	diag render
components/child_hyphen_attr_fallthrough	diag render
components/child_no_props	diag render
components/child_prop_pipeline	diag render
components/child_prop_try_error	diag(error)
components/child_prop_tuple_error	diag(error)
components/child_props	diag render
components/child_props_featured_false	diag render
components/child_props_static	diag render
components/child_spread_fallthrough	diag render
components/children_slot	diag render
components/children_slot_binding	diag render
components/children_slot_empty	diag render
components/children_slot_interleaved	diag render
components/component_class_and_spread	diag gen render
components/component_class_passthrough_dedup	diag gen render
components/component_composable_class	diag gen render
components/component_cond_branch_spread_rejected	diag(error)
components/component_conditional_attr	diag gen render
components/component_conditional_attr_else	diag gen render
components/component_conditional_attr_lazy	diag gen render
components/component_fallthrough_pipeline	diag gen render
components/component_prop_pipeline	diag gen render
components/component_spread	diag gen render
components/component_spread_with_class	diag gen render
components/handwritten_func_with_props	diag render
components/named_slot	diag render
components/named_slot_bad_name	diag(error)
components/named_slot_binding	diag render
components/named_slot_interleaved	diag render
components/named_slot_multiple	diag render
components/named_slot_with_children	diag render
components/node_param_standalone	diag render
components/nullary_func_component	diag gen render
components/nullary_func_control_flow	diag render
components/nullary_func_in_slot	diag render
components/nullary_func_mixed_kordering	diag render
components/nullary_no_props	diag gen render
control_flow/for	diag render
control_flow/goblock	diag render
control_flow/if_init_error_handling	diag gen render
control_flow/if_neg	diag render
control_flow/if_pos	diag render
control_flow/if_zero	diag render
control_flow/switch_default	diag render
control_flow/switch_err	diag render
control_flow/switch_warn	diag gen render
datajson/island_breakout	diag gen render
datajson/island_multi_hole_rejected	diag(error)
datajson/island_value	diag gen render
diagnostics/ctx_in_interp	diag render
diagnostics/handwritten_func_bad_attr	diag(error)
diagnostics/noprops_component_with_attrs	diag(error)
diagnostics/noprops_component_with_children	diag(error)
diagnostics/nullary_func_with_attrs	diag(error)
diagnostics/nullary_func_with_children	diag(error)
diagnostics/param_name_collision	diag render
diagnostics/pointer_node_render	diag render
diagnostics/reserved_param_children	diag(error)
diagnostics/reserved_param_ctx	diag(error)
diagnostics/reserved_param_emitted_import_gsx	diag(error)
diagnostics/reserved_param_emitted_import_strconv	diag(error)
diagnostics/reserved_param_gsx_prefix	diag(error)
diagnostics/reserved_param_stub_masking	diag(error)
diagnostics/reserved_param_stub_masking_attrs	diag(error)
diagnostics/undefined_interp	diag(error)
diagnostics/value_node_pointer_receiver_error	diag(error)
doctype/render	diag render
elements/fragment	diag render
elements/html_comment	diag render
elements/html_comment_breakout	diag(error)
elements/html_comment_fragment	diag render
elements/named_scalar_types	diag render
elements/node_slice	diag render
elements/static_and_bool_attrs_off	diag render
elements/static_and_bool_attrs_on	diag render
fallthrough/call_site_button	diag render
fallthrough/call_site_caller_wins	diag render
fallthrough/call_site_class_merge	diag render
fallthrough/call_site_declared_vs_undeclared	diag render
fallthrough/call_site_method_fallthrough	diag render
fallthrough/call_site_no_fallthrough_unchanged	diag gen render
fallthrough/call_site_non_identifier	diag render
fallthrough/call_site_not_eligible	diag(error)
fallthrough/caller_wins	diag render
fallthrough/composed_class_merge	diag render
fallthrough/cond_attr_root_not_eligible	diag(error)
fallthrough/cond_attr_root_standalone	diag render
fallthrough/empty_bag_noop	diag render
fallthrough/manual_nullary_method	diag render
fallthrough/manual_placement	diag render
fallthrough/manual_without	diag render
fallthrough/no_class_empty_bag	diag render
fallthrough/no_class_root_with_bag	diag render
fallthrough/not_eligible_no_field	diag gen render
fallthrough/reserved_param_attrs	diag(error)
fallthrough/static_class_merge	diag render
interpolation/field_access	diag render
interpolation/interp_types	diag render
interpolation/mixed_chunk	diag render
interpolation/numeric_contexts	diag gen render
interpolation/probe_multi_value_expr	diag render
jsattr/caller_wins	diag render
jsattr/click_rawjs	diag gen render
jsattr/jsattr_breakout	diag gen render
jsattr/jsattr_identifier_rejected	diag(error)
jsattr/manual_forced	diag gen render
jsattr/manual_multi_spread_rejected	diag(error)
jsattr/manual_overridable	diag gen render
jsattr/regexp_hostile	diag gen render
jsattr/string_hostile	diag gen render
jsattr/tmpl_hostile	diag gen render
jsattr/value_pipeline	diag gen render
jsattr/value_pipeline_args	diag render
jsattr/value_tuple	diag gen render
jsattr/whole_value_bool	diag gen render
jsattr/whole_value_map	diag gen render
jsattr/xdata_literal_holes	diag gen render
jsattr/xdata_whole_value	diag gen render
methods/method_only_file_generates	diag
methods/method_reserved_recv_var_ctx	diag(error)
methods/method_unnamed_receiver_error	diag(error)
methods/render_method_and_function_mixed	diag render
methods/render_method_invocation_chain	diag render
methods/render_method_invocation_loop_var_binding	diag render
methods/render_method_invocation_nullary	diag render
methods/render_method_invocation_param	diag render
methods/render_method_invocation_slot_interleaved	diag render
methods/render_method_nullary	diag render
methods/render_method_pointer_receiver	diag render
methods/render_method_same_name_different_receivers_a	diag render
methods/render_method_same_name_different_receivers_b	diag render
methods/render_method_with_param	diag render
parser/01_elements	ast diag
parser/02_interpolation	ast diag
parser/03_attrs	ast diag
parser/04_components_children	ast diag
parser/05_fragment	ast diag
parser/06_markup_attr	ast diag
parser/07_method_component	ast diag
parser/08_spread_whitespace	ast diag
parser/09_goblock	ast diag
parser/10_if	ast diag
parser/11_for	ast diag
parser/12_switch	ast diag
parser/13_cond_attr	ast diag
parser/14_composable_class	ast diag
parser/15_doctype_comment	ast diag
parser/16_raw_text	ast diag
parser/17_pipeline	ast diag
parser/18_pipeline_attr_try	ast diag(error)
parser/e01_mismatched_close	ast diag(error)
parser/e02_unterminated_interp	ast diag(error)
parser/e03_bad_attr_name	ast diag(error)
parser/e04_nonspread_brace	ast diag(error)
parser/e05_empty_pipe_stage	ast diag(error)
parser/recover_broken_then_valid	diag(error)
parser/recover_two_broken_components	diag(error)
pipelines/arity_mismatch	diag(error)
pipelines/attr_escaped	diag render
pipelines/attr_js_rejected	diag gen render
pipelines/attr_plain	diag render
pipelines/attr_truncate	diag render
pipelines/attr_try_stage_rejected	diag(error)
pipelines/attr_unknown_filter	diag(error)
pipelines/attr_url	diag render
pipelines/attr_url_ok	diag render
pipelines/bare	diag render
pipelines/chain	diag render
pipelines/chain_args	diag gen render
pipelines/class_pipeline	diag gen render
pipelines/format	diag render
pipelines/join	diag render
pipelines/loop_var	diag render
pipelines/param	diag render
pipelines/param_arg	diag render
pipelines/style_pipeline	diag render
pipelines/try_rejected	diag(error)
pipelines/try_unwrap	diag render
pipelines/unknown_filter	diag(error)
props/byo_attrs_missing	diag(error)
props/byo_children_missing	diag(error)
props/byo_external_node_vs_renderable	diag gen render
props/byo_external_props	diag gen render
props/byo_kebab_fields	diag gen render
props/byo_method_shared_props	diag gen render
props/byo_method_trio	diag gen render
props/byo_single_struct	diag gen render
props/byo_splat	diag gen render
props/byo_splat_children_rejected	diag(error)
props/byo_splat_empty_rejected	diag(error)
props/byo_splat_mixed_rejected	diag(error)
props/heuristic_boundaries	diag gen render
script/interp_breakout	diag gen render
script/interp_comment_literal	diag gen render
script/interp_identifier_rejected	diag(error)
script/interp_string	diag gen render
script/interp_value	diag gen render
script/minify	diag gen render
script/rawjs_passthrough	diag gen render
script/regexp_hostile	diag gen render
script/string_hostile	diag gen render
script/tmpl_hostile	diag gen render
script/value_nonstring	diag gen render
script/value_pipeline	diag gen render
script/value_pipeline_chain	diag render
script/value_pipeline_param	diag gen render
script/value_tuple	diag gen render
security/js_rejected_onclick	diag gen render
security/js_rejected_style	diag render
security/url_blocked	diag render
security/url_raw_vouched	diag render
security/xss	diag render
slots/node_prop_bool_attr	diag gen render
slots/node_prop_escaping	diag render
slots/node_prop_promotion	diag gen render
slots/node_prop_realworld	diag render
slots/node_prop_stringer	diag gen render
style/attr_expr_sanitized	diag render
style/block_bytes	diag gen render
style/block_import_injection	diag gen render
style/block_interpolation	diag gen render
style/block_pipeline	diag gen render
style/block_stringer	diag gen render
style/block_try_rejected	diag(error)
style/block_tuple_error	diag gen render
style/composed_attribute	diag gen render
style/composed_injection	diag gen render
style/composed_rawcss_optout	diag gen render
style/loop_var_in_style	diag render
style/minify_block	diag gen render
xpkg/cross_file_and_component	diag render
xpkg/cross_package	diag render
xpkg/interleaved_imports_error	diag(error)
xpkg/multi_gsx_package	diag render
xpkg/real_gsxshared_file	diag render
TOTAL: 271 cases (render: 203, error: 49, gen-pinned: 80)
