01_elements.gsx: 21:3: expected tag name
02_text_escaping.gsx: 47:35: expected tag name
03_control_flow.gsx: ok
04_components.gsx: 77:72: unterminated `{`
05_attributes.gsx: 30:3: expected attribute name, got "/"
06_corner_cases.gsx: 62:56: expected attribute name, got "/"
07_realworld_dialog.gsx: ok
08_realworld_table.gsx: ok
09_realworld_form_htmx.gsx: 37:4: expected attribute name, got "/"
10_realworld_layout_email.gsx: 30:3: expected tag name
11_struct_methods.gsx: 81:32: expected `...` spread inside `{ }` attribute
12_children_attrs.gsx: 39:2: mismatched close tag </div>, expected </button>
